
> @parmana/api@0.1.0 build
> tsc -p tsconfig.json


> @parmana/crypto@0.1.0 build
> tsc -p tsconfig.json


> @parmana/policy@0.1.0 build
> tsc -p tsconfig.json


> @parmana/replay@0.1.0 build
> tsc -p tsconfig.json

src/ReplayEngine.ts(48,16): error TS2339: Property 'action' does not exist on type 'PolicyDecision'.
node.exe : npm error Lifecycle script `build` failed with error:
At line:1 char:1
+ & "C:\Program Files\nodejs/node.exe" "C:\Program Files\nodejs/node_mo ...
+ ~~~~~~~~~~~~~~~~~~~~~~~~~~~~~~~~~~~~~~~~~~~~~~~~~~~~~~~~~~~~~~~~~~~~~
    + CategoryInfo          : NotSpecified: (npm error Lifec...led with error::String) [], RemoteException
    + FullyQualifiedErrorId : NativeCommandError
 
npm error code 2
npm error path D:\last\parmana\packages\replay
npm error workspace @parmana/replay@0.1.0
npm error location D:\last\parmana\packages\replay
npm error command failed
npm error command C:\WINDOWS\system32\cmd.exe /d /s /c tsc -p tsconfig.json


> @parmana/runtime@0.1.0 build
> tsc -p tsconfig.json

src/ExecutionGate.ts(1,10): error TS2305: Module '"@parmana/shared"' has no exported member 'AuthorizationDecision'.
src/services/DecisionService.ts(24,17): error TS2339: Property 'action' does not exist on type 'PolicyDecision'.
npm error Lifecycle script `build` failed with error:
npm error code 2
npm error path D:\last\parmana\packages\runtime
npm error workspace @parmana/runtime@0.1.0
npm error location D:\last\parmana\packages\runtime
npm error command failed
npm error command C:\WINDOWS\system32\cmd.exe /d /s /c tsc -p tsconfig.json


> @parmana/shared@0.1.0 build
> tsc -p tsconfig.json


> @parmana/storage@0.1.0 build
> tsc -p tsconfig.json


> @parmana/verification@0.1.0 build
> tsc -p tsconfig.json


> @parmana/typescript-sdk@0.1.0 build
> tsc

examples/04_audit_trust_chain.ts(51,34): error TS2339: Property 'authorityName' does not exist on type 'Authority'.
examples/04_audit_trust_chain.ts(59,31): error TS2339: Property 'operation' does not exist on type 'Intent'.
examples/04_audit_trust_chain.ts(63,34): error TS2339: Property 'policyName' does not exist on type 'PolicyReference'.
examples/04_audit_trust_chain.ts(63,75): error TS2339: Property 'policyVersion' does not exist on type 'PolicyReference'.
examples/05_human_in_the_loop.ts(27,5): error TS2353: Object literal may only specify known properties, and 'authorityName' does not exist in type 'Authority'.
examples/05_human_in_the_loop.ts(34,5): error TS2353: Object literal may only specify known properties, and 'subject' does not exist in type 'Authorization'.
examples/05_human_in_the_loop.ts(47,5): error TS2353: Object literal may only specify known properties, and 'operation' does not exist in type 'Intent'.
examples/05_human_in_the_loop.ts(53,5): error TS2353: Object literal may only specify known properties, and 'policyName' does not exist in type 'PolicyReference'.
examples/05_human_in_the_loop.ts(57,9): error TS2739: Type '{ businessTransactionId: string; authority: Authority; authorization: Authorization; intent: Intent; policy: PolicyReference; createdAt: Date; }' is missing the following properties from type 'BusinessTransaction': metadata, signals, status
examples/05_human_in_the_loop.ts(119,12): error TS2339: Property 'operation' does not exist on type 'Intent'.
examples/05_human_in_the_loop.ts(132,12): error TS2339: Property 'policyName' does not exist on type 'PolicyReference'.
examples/05_human_in_the_loop.ts(136,12): error TS2339: Property 'policyVersion' does not exist on type 'PolicyReference'.
examples/06_autonomous_vehicle.ts(35,5): error TS2353: Object literal may only specify known properties, and 'authorityName' does not exist in type 'Authority'.
examples/06_autonomous_vehicle.ts(42,5): error TS2353: Object literal may only specify known properties, and 'subject' does not exist in type 'Authorization'.
examples/06_autonomous_vehicle.ts(55,5): error TS2353: Object literal may only specify known properties, and 'operation' does not exist in type 'Intent'.
examples/06_autonomous_vehicle.ts(61,5): error TS2353: Object literal may only specify known properties, and 'policyName' does not exist in type 'PolicyReference'.
examples/06_autonomous_vehicle.ts(65,9): error TS2739: Type '{ businessTransactionId: string; authority: Authority; authorization: Authorization; intent: Intent; policy: PolicyReference; createdAt: Date; }' is missing the following properties from type 'BusinessTransaction': metadata, signals, status
examples/06_autonomous_vehicle.ts(148,19): error TS2339: Property 'subject' does not exist on type 'Authorization'.
examples/06_autonomous_vehicle.ts(161,12): error TS2339: Property 'policyName' does not exist on type 'PolicyReference'.
examples/06_autonomous_vehicle.ts(165,12): error TS2339: Property 'policyVersion' does not exist on type 'PolicyReference'.
examples/07_medical_ai.ts(34,5): error TS2353: Object literal may only specify known properties, and 'authorityName' does not exist in type 'Authority'.
examples/07_medical_ai.ts(41,5): error TS2353: Object literal may only specify known properties, and 'subject' does not exist in type 'Authorization'.
examples/07_medical_ai.ts(54,5): error TS2353: Object literal may only specify known properties, and 'operation' does not exist in type 'Intent'.
examples/07_medical_ai.ts(60,5): error TS2353: Object literal may only specify known properties, and 'policyName' does not exist in type 'PolicyReference'.
examples/07_medical_ai.ts(64,9): error TS2739: Type '{ businessTransactionId: string; authority: Authority; authorization: Authorization; intent: Intent; policy: PolicyReference; createdAt: Date; }' is missing the following properties from type 'BusinessTransaction': metadata, signals, status
examples/07_medical_ai.ts(160,15): error TS2339: Property 'authorityName' does not exist on type 'Authority'.
examples/07_medical_ai.ts(168,12): error TS2339: Property 'operation' does not exist on type 'Intent'.
examples/07_medical_ai.ts(177,12): error TS2339: Property 'policyName' does not exist on type 'PolicyReference'.
examples/07_medical_ai.ts(181,12): error TS2339: Property 'policyVersion' does not exist on type 'PolicyReference'.
examples/08_financial_transaction.ts(33,5): error TS2353: Object literal may only specify known properties, and 'authorityName' does not exist in type 'Authority'.
examples/08_financial_transaction.ts(40,5): error TS2353: Object literal may only specify known properties, and 'subject' does not exist in type 'Authorization'.
examples/08_financial_transaction.ts(53,5): error TS2353: Object literal may only specify known properties, and 'operation' does not exist in type 'Intent'.
examples/08_financial_transaction.ts(59,5): error TS2353: Object literal may only specify known properties, and 'policyName' does not exist in type 'PolicyReference'.
examples/08_financial_transaction.ts(63,9): error TS2739: Type '{ businessTransactionId: string; authority: Authority; authorization: Authorization; intent: Intent; policy: PolicyReference; createdAt: Date; }' is missing the following properties from type 'BusinessTransaction': metadata, signals, status
examples/08_financial_transaction.ts(155,15): error TS2339: Property 'authorityName' does not exist on type 'Authority'.
examples/08_financial_transaction.ts(163,12): error TS2339: Property 'operation' does not exist on type 'Intent'.
examples/08_financial_transaction.ts(176,12): error TS2339: Property 'policyName' does not exist on type 'PolicyReference'.
examples/08_financial_transaction.ts(180,12): error TS2339: Property 'policyVersion' does not exist on type 'PolicyReference'.
examples/09_multi_agent.ts(34,5): error TS2353: Object literal may only specify known properties, and 'authorityName' does not exist in type 'Authority'.
examples/09_multi_agent.ts(41,5): error TS2353: Object literal may only specify known properties, and 'subject' does not exist in type 'Authorization'.
examples/09_multi_agent.ts(54,5): error TS2353: Object literal may only specify known properties, and 'operation' does not exist in type 'Intent'.
examples/09_multi_agent.ts(60,5): error TS2353: Object literal may only specify known properties, and 'policyName' does not exist in type 'PolicyReference'.
examples/09_multi_agent.ts(64,9): error TS2739: Type '{ businessTransactionId: string; authority: Authority; authorization: Authorization; intent: Intent; policy: PolicyReference; createdAt: Date; }' is missing the following properties from type 'BusinessTransaction': metadata, signals, status
examples/09_multi_agent.ts(165,15): error TS2339: Property 'authorityName' does not exist on type 'Authority'.
examples/09_multi_agent.ts(169,12): error TS2339: Property 'operation' does not exist on type 'Intent'.
examples/09_multi_agent.ts(182,12): error TS2339: Property 'policyName' does not exist on type 'PolicyReference'.
examples/09_multi_agent.ts(186,12): error TS2339: Property 'policyVersion' does not exist on type 'PolicyReference'.
examples/10_custom_policy.ts(37,5): error TS2353: Object literal may only specify known properties, and 'authorityName' does not exist in type 'Authority'.
examples/10_custom_policy.ts(44,5): error TS2353: Object literal may only specify known properties, and 'subject' does not exist in type 'Authorization'.
examples/10_custom_policy.ts(57,5): error TS2353: Object literal may only specify known properties, and 'operation' does not exist in type 'Intent'.
examples/10_custom_policy.ts(69,5): error TS2353: Object literal may only specify known properties, and 'policyName' does not exist in type 'PolicyReference'.
examples/10_custom_policy.ts(73,9): error TS2739: Type '{ businessTransactionId: string; authority: Authority; authorization: Authorization; intent: Intent; policy: PolicyReference; createdAt: Date; }' is missing the following properties from type 'BusinessTransaction': metadata, signals, status
examples/10_custom_policy.ts(166,12): error TS2339: Property 'operation' does not exist on type 'Intent'.
examples/10_custom_policy.ts(179,12): error TS2339: Property 'policyName' does not exist on type 'PolicyReference'.
examples/10_custom_policy.ts(183,12): error TS2339: Property 'policyVersion' does not exist on type 'PolicyReference'.
typescript/examples/01_basic_execution.ts(16,8): error TS2307: Cannot find module '../src/index.js' or its corresponding type declarations.
npm error Lifecycle script `build` failed with error:
npm error code 2
npm error path D:\last\parmana\typescript
npm error workspace @parmana/typescript-sdk@0.1.0
npm error location D:\last\parmana\typescript
npm error command failed
npm error command C:\WINDOWS\system32\cmd.exe /d /s /c tsc
